Microchip MPLAB XC8 Compiler V2.20

Linker command line:

-W-3 --edf=C:\Program Files\Microchip\xc8\v2.20\pic\dat\en_msgs.txt -cn \
  -h+dist/default/production\Trabalho1.X.production.sym \
  --cmf=dist/default/production\Trabalho1.X.production.cmf -z -Q18F4520 \
  -oC:\Users\caduc\AppData\Local\Temp\sd1o.2 --defsym=__MPLAB_BUILD=1 \
  -Mdist/default/production/Trabalho1.X.production.map -E1 \
  -ver=XC8 Compiler --acfsm=1493 -ASTACK=03BCh-05FFh -pstack=STACK \
  -ACODE=00h-07FFFh -ACONST=00h-07FFFh -ASMALLCONST=0600h-06FFhx122 \
  -AMEDIUMCONST=0600h-07FFFh -ACOMRAM=01h-07Fh -AABS1=00h-05FFh \
  -ABIGRAM=01h-05FFh -ARAM=080h-0FFh,0100h-01FFhx5 -ABANK0=080h-0FFh \
  -ABANK1=0100h-01FFh -ABANK2=0200h-02FFh -ABANK3=0300h-03FFh \
  -ABANK4=0400h-04FFh -ABANK5=0500h-05FFh -ASFR=0F80h-0FFFh \
  -ACONFIG=0300000h-030000Dh -AIDLOC=0200000h-0200007h \
  -preset_vec=00h,intcode=08h,intcodelo,powerup,init -pramtop=0600h \
  -psmallconst=SMALLCONST -pmediumconst=MEDIUMCONST -pconst=CONST \
  -AFARRAM=00h-00h -AEEDATA=0F00000h-0F000FFh -peeprom_data=EEDATA \
  -prdata=COMRAM,nvrram=COMRAM,nvbit=COMRAM,rbss=COMRAM,rbit=COMRAM \
  -pfarbss=FARRAM,fardata=FARRAM,nvFARRAM=FARRAM \
  -pintsave_regs=BIGRAM,bigbss=BIGRAM,bigdata=BIGRAM -pbss=RAM \
  -pidata=CODE,irdata=CODE,ibigdata=CODE,ifardata=CODE -prparam=COMRAM \
  C:\Users\caduc\AppData\Local\Temp\sd1o.o \
  dist/default/production\Trabalho1.X.production.o 

Object code version is 3.11

Machine type is 18F4520



                Name                               Link     Load   Length Selector   Space Scale
C:\Users\caduc\AppData\Local\Temp\sd1o.o
                stack                               3BC      3BC      244      3BC       2
                idloc                            200000   200000        8        0       5
                config                           300000   300000        E        0       4
                init                                  C        C        8        4       0
                reset_vec                             0        0        4        0       0
dist/default/production\Trabalho1.X.production.o
                intcode                               8        8        4        4       0
                idloc                            200000   200000        8        0       5
                config                           300000   300000        E        0       4
                temp                                 36       36       20        1       1
                text30                              EB6      EB6       F2        4       0
                intcode_body                        312      312      2AE        4       0
                text28                             1300     1300       58        4       0
                text27                             1534     1534       26        4       0
                text26                              AF2      AF2      162        4       0
                text25                             15AA     15AA        4        4       0
                text24                             15A6     15A6        4        4       0
                text23                             11B6     11B6       86        4       0
                text22                             1572     1572       16        4       0
                text21                              FA8      FA8       E8        4       0
                text20                              D8A      D8A      12C        4       0
                text19                              C54      C54      136        4       0
                text18                             15A0     15A0        6        4       0
                text17                              5C0      5C0      252        4       0
                text16                               14       14      2FE        4       0
                text15                              98E      98E      164        4       0
                text14                              812      812      17C        4       0
                text13                             1126     1126       90        4       0
                text12                             14AA     14AA       34        4       0
                text11                             14DE     14DE       30        4       0
                text10                             1090     1090       96        4       0
                text9                              123C     123C       6C        4       0
                text8                              1358     1358       54        4       0
                text7                              12A8     12A8       58        4       0
                text6                              13F6     13F6       44        4       0
                text5                              1476     1476       34        4       0
                text4                              150E     150E       26        4       0
                text3                              159A     159A        6        4       0
                text2                              155A     155A       18        4       0
                text1                              1588     1588       12        4       0
                text0                              143A     143A       3C        4       0
                cstackCOMRAM                         56       56       1A        1       1
                cstackBANK0                          80       80       77       80       1
                bssBIGRAM                           112      112      2AA      112       1
                bssBANK1                            100      100       12      100       1
                dataCOMRAM                           70       70        2        1       1
                bssCOMRAM                             1        1       35        1       1
                cinit                              13AC     13AC       4A        4       0
                idataCOMRAM                        15AE     15AE        2        4       0

TOTAL           Name                               Link     Load   Length     Space
        CLASS   STACK          
                stack                               3BC      3BC      244         2

        CLASS   CODE           
                intcode                               8        8        4         0
                init                                  C        C        8         0
                reset_vec                             0        0        4         0
                text30                              EB6      EB6       F2         0
                intcode_body                        312      312      2AE         0
                text28                             1300     1300       58         0
                text27                             1534     1534       26         0
                text26                              AF2      AF2      162         0
                text25                             15AA     15AA        4         0
                text24                             15A6     15A6        4         0
                text23                             11B6     11B6       86         0
                text22                             1572     1572       16         0
                text21                              FA8      FA8       E8         0
                text20                              D8A      D8A      12C         0
                text19                              C54      C54      136         0
                text18                             15A0     15A0        6         0
                text17                              5C0      5C0      252         0
                text16                               14       14      2FE         0
                text15                              98E      98E      164         0
                text14                              812      812      17C         0
                text13                             1126     1126       90         0
                text12                             14AA     14AA       34         0
                text11                             14DE     14DE       30         0
                text10                             1090     1090       96         0
                text9                              123C     123C       6C         0
                text8                              1358     1358       54         0
                text7                              12A8     12A8       58         0
                text6                              13F6     13F6       44         0
                text5                              1476     1476       34         0
                text4                              150E     150E       26         0
                text3                              159A     159A        6         0
                text2                              155A     155A       18         0
                text1                              1588     1588       12         0
                text0                              143A     143A       3C         0
                cinit                              13AC     13AC       4A         0
                idataCOMRAM                        15AE     15AE        2         0

        CLASS   CONST          

        CLASS   SMALLCONST     

        CLASS   MEDIUMCONST    

        CLASS   COMRAM         
                temp                                 36       36       20         1
                cstackCOMRAM                         56       56       1A         1
                dataCOMRAM                           70       70        2         1
                bssCOMRAM                             1        1       35         1

        CLASS   ABS1           

        CLASS   BIGRAM         
                bssBIGRAM                           112      112      2AA         1

        CLASS   RAM            

        CLASS   BANK0          
                cstackBANK0                          80       80       77         1

        CLASS   BANK1          
                bssBANK1                            100      100       12         1

        CLASS   BANK2          

        CLASS   BANK3          

        CLASS   BANK4          

        CLASS   BANK5          

        CLASS   SFR            

        CLASS   CONFIG         
                config                           300000   300000        E         4

        CLASS   IDLOC          
                idloc                            200000   200000        8         5

        CLASS   FARRAM         

        CLASS   EEDATA         



SEGMENTS        Name                           Load    Length   Top    Selector   Space  Class

                reset_vec                      000000  000004  000004         0       0  CODE    
                bssCOMRAM                      000001  000071  000072         1       1  COMRAM  
                intcode                        000008  0015A8  0015B0         4       0  CODE    
                cstackBANK0                    000080  000077  0000F7        80       1  BANK0   
                bssBANK1                       000100  000012  000112       100       1  BANK1   
                bssBIGRAM                      000112  0002AA  0003BC       112       1  BIGRAM  
                stack                          0003BC  000244  000600       3BC       2  STACK   


UNUSED ADDRESS RANGES

        Name                Unused          Largest block    Delta
        BANK0            0000F7-0000FF                9
        BANK3            0003BC-0003FF               44
        BANK4            000400-0004FF              100
        BANK5            000500-0005FF              100
        BIGRAM           000072-00007F                E
                         0000F7-0000FF                9
                         0003BC-0005FF              244
        CODE             000004-000007                4
                         0015B0-007FFF             6A50
        COMRAM           000072-00007F                E
        CONST            000004-000007                4
                         0015B0-007FFF             6A50
        EEDATA           F00000-F000FF              100
        MEDIUMCONST      0015B0-007FFF             6A50
        RAM              0000F7-0000FF                9
                         0003BC-0005FF              100
        SFR              000F80-000FFF               80
        SMALLCONST       0015B0-007FFF              100

                                  Symbol Table

?_delay_release                cstackCOMRAM 000056
OS_create_task@func            cstackBANK0  000082
OS_create_task@new_task        cstackBANK0  000086
OS_create_task@prior           cstackBANK0  000080
_ADCON0bits                    (abs)        000FC2
_ADCON1                        (abs)        000FC1
_ADCON1bits                    (abs)        000FC1
_ADCON2bits                    (abs)        000FC0
_ADRES                         (abs)        000FC3
_BSR                           (abs)        000FE0
_INTCONbits                    (abs)        000FF2
_ISR_timer                     intcode      000008
_LATDbits                      (abs)        000F8C
_OS_config                     text5        001476
_OS_create_task                text9        00123C
_OS_start                      text1        001588
_PORTDbits                     (abs)        000F83
_RESTORE_CONTEXT               text17       0005C0
_ROUND_ROBIN_sched             text19       000C54
_STATUS                        (abs)        000FD8
_STKPTR                        (abs)        000FFC
_T0CONbits                     (abs)        000FD5
_TMR0L                         (abs)        000FD6
_TOS                           (abs)        000FFD
_TRISA                         (abs)        000F92
_TRISD                         (abs)        000F95
_TRISDbits                     (abs)        000F95
_WREG                          (abs)        000FE8
__HRAM                         (abs)        000000
__Habs1                        abs1         000000
__Hbank0                       bank0        000000
__Hbank1                       bank1        000000
__Hbank2                       bank2        000000
__Hbank3                       bank3        000000
__Hbank4                       bank4        000000
__Hbank5                       bank5        000000
__Hbigbss                      bigbss       000000
__Hbigdata                     bigdata      000000
__Hbigram                      bigram       000000
__Hbss                         bss          000000
__HbssBANK1                    bssBANK1     000000
__HbssBIGRAM                   bssBIGRAM    000000
__HbssCOMRAM                   bssCOMRAM    000000
__Hcinit                       cinit        000000
__Hclrtext                     clrtext      000000
__Hcomram                      comram       000000
__Hconfig                      config       30000E
__Hconst                       const        000000
__HcstackBANK0                 cstackBANK0  000000
__HcstackCOMRAM                cstackCOMRAM 000000
__Hdata                        data         000000
__HdataCOMRAM                  dataCOMRAM   000000
__Heeprom_data                 eeprom_data  000000
__Hfarbss                      farbss       000000
__Hfardata                     fardata      000000
__Hibigdata                    ibigdata     000000
__Hidata                       idata        000000
__HidataCOMRAM                 idataCOMRAM  000000
__Hidloc                       idloc        200008
__Hifardata                    ifardata     000000
__Hinit                        init         000014
__Hintcode                     intcode      00000C
__Hintcode_body                intcode_body 000000
__Hintcodelo                   intcodelo    00000C
__Hintentry                    intentry     000000
__Hintret                      intret       000000
__Hintsave_regs                intsave_regs 000000
__Hirdata                      irdata       000000
__Hmediumconst                 mediumconst  000000
__HnvFARRAM                    nvFARRAM     000000
__Hnvbit                       nvbit        000000
__Hnvrram                      nvrram       000000
__Hparam                       rparam       000000
__Hpowerup                     powerup      00000C
__Hram                         ram          000000
__Hramtop                      ramtop       000600
__Hrbit                        rbit         000000
__Hrbss                        rbss         000000
__Hrdata                       rdata        000000
__Hreset_vec                   reset_vec    000004
__Hrparam                      rparam       000000
__Hsfr                         sfr          000000
__Hsmallconst                  smallconst   000000
__Hspace_0                     (abs)        0015B0
__Hspace_1                     (abs)        0003BC
__Hspace_2                     (abs)        000600
__Hspace_4                     (abs)        60000E
__Hstack                       stack        000600
__Hstruct                      struct       000000
__Htemp                        temp         000056
__Htext                        text         000000
__Htext0                       text0        000000
__Htext1                       text1        000000
__Htext10                      text10       000000
__Htext11                      text11       000000
__Htext12                      text12       000000
__Htext13                      text13       000000
__Htext14                      text14       000000
__Htext15                      text15       000000
__Htext16                      text16       000000
__Htext17                      text17       000000
__Htext18                      text18       000000
__Htext19                      text19       000000
__Htext2                       text2        000000
__Htext20                      text20       000000
__Htext21                      text21       000000
__Htext22                      text22       000000
__Htext23                      text23       000000
__Htext24                      text24       000000
__Htext25                      text25       000000
__Htext26                      text26       000000
__Htext27                      text27       000000
__Htext28                      text28       000000
__Htext3                       text3        000000
__Htext30                      text30       000000
__Htext31                      text31       000000
__Htext4                       text4        000000
__Htext5                       text5        000000
__Htext6                       text6        000000
__Htext7                       text7        000000
__Htext8                       text8        000000
__Htext9                       text9        000000
__LRAM                         (abs)        000001
__Labs1                        abs1         000000
__Lbank0                       bank0        000000
__Lbank1                       bank1        000000
__Lbank2                       bank2        000000
__Lbank3                       bank3        000000
__Lbank4                       bank4        000000
__Lbank5                       bank5        000000
__Lbigbss                      bigbss       000000
__Lbigdata                     bigdata      000000
__Lbigram                      bigram       000000
__Lbss                         bss          000000
__LbssBANK1                    bssBANK1     000000
__LbssBIGRAM                   bssBIGRAM    000000
__LbssCOMRAM                   bssCOMRAM    000000
__Lcinit                       cinit        000000
__Lclrtext                     clrtext      000000
__Lcomram                      comram       000000
__Lconfig                      config       000000
__Lconst                       const        000000
__LcstackBANK0                 cstackBANK0  000000
__LcstackCOMRAM                cstackCOMRAM 000000
__Ldata                        data         000000
__LdataCOMRAM                  dataCOMRAM   000000
__Leeprom_data                 eeprom_data  000000
__Lfarbss                      farbss       000000
__Lfardata                     fardata      000000
__Libigdata                    ibigdata     000000
__Lidata                       idata        000000
__LidataCOMRAM                 idataCOMRAM  000000
__Lidloc                       idloc        000000
__Lifardata                    ifardata     000000
__Linit                        init         00000C
__Lintcode                     intcode      000008
__Lintcode_body                intcode_body 000000
__Lintcodelo                   intcodelo    00000C
__Lintentry                    intentry     000000
__Lintret                      intret       000000
__Lintsave_regs                intsave_regs 000000
__Lirdata                      irdata       000000
__Lmediumconst                 mediumconst  000000
__LnvFARRAM                    nvFARRAM     000000
__Lnvbit                       nvbit        000000
__Lnvrram                      nvrram       000000
__Lparam                       rparam       000000
__Lpowerup                     powerup      00000C
__Lram                         ram          000000
__Lramtop                      ramtop       000600
__Lrbit                        rbit         000000
__Lrbss                        rbss         000000
__Lrdata                       rdata        000000
__Lreset_vec                   reset_vec    000000
__Lrparam                      rparam       000000
__Lsfr                         sfr          000000
__Lsmallconst                  smallconst   000000
__Lspace_0                     (abs)        000000
__Lspace_1                     (abs)        000000
__Lspace_2                     (abs)        000000
__Lspace_4                     (abs)        000000
__Lstack                       stack        0003BC
__Lstruct                      struct       000000
__Ltemp                        temp         000036
__Ltext                        text         000000
__Ltext0                       text0        000000
__Ltext1                       text1        000000
__Ltext10                      text10       000000
__Ltext11                      text11       000000
__Ltext12                      text12       000000
__Ltext13                      text13       000000
__Ltext14                      text14       000000
__Ltext15                      text15       000000
__Ltext16                      text16       000000
__Ltext17                      text17       000000
__Ltext18                      text18       000000
__Ltext19                      text19       000000
__Ltext2                       text2        000000
__Ltext20                      text20       000000
__Ltext21                      text21       000000
__Ltext22                      text22       000000
__Ltext23                      text23       000000
__Ltext24                      text24       000000
__Ltext25                      text25       000000
__Ltext26                      text26       000000
__Ltext27                      text27       000000
__Ltext28                      text28       000000
__Ltext3                       text3        000000
__Ltext30                      text30       000000
__Ltext31                      text31       000000
__Ltext4                       text4        000000
__Ltext5                       text5        000000
__Ltext6                       text6        000000
__Ltext7                       text7        000000
__Ltext8                       text8        000000
__Ltext9                       text9        000000
__S0                           (abs)        0015B0
__S1                           (abs)        0003BC
__S2                           (abs)        000600
__S4                           (abs)        000000
__S5                           (abs)        000000
___awdiv                       text14       000812
___inthi_sp                    stack        00047E
___intlo_sp                    stack        00053F
___lwmod                       text21       000FA8
___param_bank                  (abs)        000000
___rparam_used                 (abs)        000001
___sp                          stack        0003BC
___wmul                        text10       001090
__accesstop                    (abs)        000080
__activetblptr                 (abs)        000000
__end_of_ISR_timer             intcode_body 0005C0
__end_of_OS_config             text5        0014AA
__end_of_OS_create_task        text9        0012A8
__end_of_OS_start              text1        00159A
__end_of_RESTORE_CONTEXT       text17       000812
__end_of_ROUND_ROBIN_sched     text19       000D8A
__end_of___awdiv               text14       00098E
__end_of___lwmod               text21       001090
__end_of___wmul                text10       001126
__end_of__initialization       cinit        0013F0
__end_of_ac_controller_1       text23       00123C
__end_of_ac_controller_2       text28       001358
__end_of_config_ad_conversor   text4        001534
__end_of_config_flywheel       text3        0015A0
__end_of_config_timer0         text2        001572
__end_of_config_user_tasks     text6        00143A
__end_of_delay_release         text30       000FA8
__end_of_idle                  text11       00150E
__end_of_main                  text0        001476
__end_of_pipe_init             text7        001300
__end_of_pipe_read             text26       000C54
__end_of_pipe_write            text15       000AF2
__end_of_scheduler             text18       0015A6
__end_of_sem_get_value         text22       001588
__end_of_sem_init              text8        0013AC
__end_of_sem_post              text20       000EB6
__end_of_sem_wait              text16       000312
__end_of_thermostat_sensing_1  text12       0014DE
__end_of_thermostat_sensing_2  text27       00155A
__end_of_thermostat_value      text13       0011B6
__end_of_turn_off_ac           text25       0015AE
__end_of_turn_on_ac            text24       0015AA
__initialization               cinit        0013AC
__mediumconst                  mediumconst  000000
__pbssBANK1                    bssBANK1     000100
__pbssBIGRAM                   bssBIGRAM    000112
__pbssCOMRAM                   bssCOMRAM    000001
__pcinit                       cinit        0013AC
__pcstackBANK0                 cstackBANK0  000080
__pcstackCOMRAM                cstackCOMRAM 000056
__pdataCOMRAM                  dataCOMRAM   000070
__pidataCOMRAM                 idataCOMRAM  0015AE
__pintcode                     intcode      000008
__pintcode_body                intcode_body 000312
__ptext0                       text0        00143A
__ptext1                       text1        001588
__ptext10                      text10       001090
__ptext11                      text11       0014DE
__ptext12                      text12       0014AA
__ptext13                      text13       001126
__ptext14                      text14       000812
__ptext15                      text15       00098E
__ptext16                      text16       000014
__ptext17                      text17       0005C0
__ptext18                      text18       0015A0
__ptext19                      text19       000C54
__ptext2                       text2        00155A
__ptext20                      text20       000D8A
__ptext21                      text21       000FA8
__ptext22                      text22       001572
__ptext23                      text23       0011B6
__ptext24                      text24       0015A6
__ptext25                      text25       0015AA
__ptext26                      text26       000AF2
__ptext27                      text27       001534
__ptext28                      text28       001300
__ptext3                       text3        00159A
__ptext30                      text30       000EB6
__ptext31                      text31       000000
__ptext4                       text4        00150E
__ptext5                       text5        001476
__ptext6                       text6        0013F6
__ptext7                       text7        0012A8
__ptext8                       text8        001358
__ptext9                       text9        00123C
__ramtop                       ramtop       000600
__size_of_ISR_timer            (abs)        000000
__size_of_OS_config            (abs)        000000
__size_of_OS_create_task       (abs)        000000
__size_of_OS_start             (abs)        000000
__size_of_RESTORE_CONTEXT      (abs)        000000
__size_of_ROUND_ROBIN_sched    (abs)        000000
__size_of___awdiv              (abs)        000000
__size_of___lwmod              (abs)        000000
__size_of___wmul               (abs)        000000
__size_of_ac_controller_1      (abs)        000000
__size_of_ac_controller_2      (abs)        000000
__size_of_config_ad_conversor  (abs)        000000
__size_of_config_flywheel      (abs)        000000
__size_of_config_timer0        (abs)        000000
__size_of_config_user_tasks    (abs)        000000
__size_of_delay_release        (abs)        000000
__size_of_idle                 (abs)        000000
__size_of_main                 (abs)        000000
__size_of_pipe_init            (abs)        000000
__size_of_pipe_read            (abs)        000000
__size_of_pipe_write           (abs)        000000
__size_of_scheduler            (abs)        000000
__size_of_sem_get_value        (abs)        000000
__size_of_sem_init             (abs)        000000
__size_of_sem_post             (abs)        000000
__size_of_sem_wait             (abs)        000000
__size_of_thermostat_sensing_1 (abs)        000000
__size_of_thermostat_sensing_2 (abs)        000000
__size_of_thermostat_value     (abs)        000000
__size_of_turn_off_ac          (abs)        000000
__size_of_turn_on_ac           (abs)        000000
__smallconst                   smallconst   000000
_ac_controller_1               text23       0011B6
_ac_controller_2               text28       001300
_bsem_room_temperature         bssCOMRAM    000009
_config_ad_conversor           text4        00150E
_config_flywheel               text3        00159A
_config_timer0                 text2        00155A
_config_user_tasks             text6        0013F6
_delay_release                 text30       000EB6
_f_aptos                       bssBIGRAM    000112
_idle                          text11       0014DE
_index                         bssCOMRAM    000007
_main                          text0        00143A
_pipe_init                     text7        0012A8
_pipe_read                     text26       000AF2
_pipe_temperature              bssCOMRAM    00000A
_pipe_write                    text15       00098E
_possivel                      bssCOMRAM    000003
_prox_tarefa                   bssCOMRAM    000005
_room_temperature              bssCOMRAM    000001
_rr_quantum                    dataCOMRAM   000070
_scheduler                     text18       0015A0
_sem_get_value                 text22       001572
_sem_init                      text8        001358
_sem_post                      text20       000D8A
_sem_temp_r                    bssBANK1     000100
_sem_temp_w                    bssCOMRAM    000024
_sem_wait                      text16       000014
_thermostat_sensing_1          text12       0014AA
_thermostat_sensing_2          text27       001534
_thermostat_value              text13       001126
_turn_off_ac                   text25       0015AA
_turn_on_ac                    text24       0015A6
btemp                          temp         000036
delay_release@i                cstackCOMRAM 00005C
delay_release@task_released    cstackCOMRAM 00005A
end_of_initialization          cinit        0013F0
int_func                       intcode_body 000312
intlevel0                      text         000000
intlevel1                      text         000000
intlevel2                      text         000000
intlevel3                      text         000000
lltemp0                        temp         000036
lltemp1                        temp         00003E
lltemp2                        temp         000046
lltemp3                        temp         00004E
ltemp0                         temp         000036
ltemp1                         temp         00003A
ltemp2                         temp         00003E
pipe_init@pipe                 cstackBANK0  000084
pipe_init@tamanho              cstackBANK0  000086
sem_init@s                     cstackBANK0  000080
sem_init@val                   cstackBANK0  000082
stackhi                        (abs)        0005FF
stacklo                        (abs)        0003BC
start                          init         00000C
start_initialization           cinit        0013AC
ttemp0                         temp         000036
ttemp1                         temp         000039
ttemp2                         temp         00003C
ttemp3                         temp         00003F
ttemp5                         temp         000037
ttemp6                         temp         00003A
ttemp7                         temp         00003E
wtemp0                         temp         000036
wtemp1                         temp         000038
wtemp2                         temp         00003A
wtemp3                         temp         00003C
wtemp4                         temp         00003E
wtemp5                         temp         000040
wtemp8                         temp         000037


FUNCTION INFORMATION:

 *************** function _main *****************
 Defined at:
		line 14 in file "main.c"
 Parameters:    Size  Location     Type
		None
 Auto vars:     Size  Location     Type
		None
 Return value:  Size  Location     Type
                  2   24[None  ] int 
 Registers used:
		wreg, fsr0l, fsr0h, fsr1l, fsr1h, fsr2l, fsr2h, status,2, status,0, btemp, btemp+1, btemp+11, prodl, prodh, cstack
 Tracked objects:
		On entry : 
		On exit  : 
		Unchanged: 
 Data sizes:     COMRAM   BANK0   BANK1   BANK2   BANK3   BANK4   BANK5
      Params:         0       0       0       0       0       0       0
      Locals:         0       0       0       0       0       0       0
      Temps:          0       0       0       0       0       0       0
      Totals:         0       0       0       0       0       0       0
Total ram usage:        0 bytes
 Hardware stack levels required when called:   16
 This function calls:
		_OS_config
		_OS_create_task
		_OS_start
 This function is called by:
		Startup code after reset
 This function uses a non-reentrant model


 *************** function _OS_start *****************
 Defined at:
		line 32 in file "kernel.c"
 Parameters:    Size  Location     Type
		None
 Auto vars:     Size  Location     Type
		None
 Return value:  Size  Location     Type
                  1    wreg      void 
 Registers used:
		wreg, status,2, cstack
 Tracked objects:
		On entry : 
		On exit  : 
		Unchanged: 
 Data sizes:     COMRAM   BANK0   BANK1   BANK2   BANK3   BANK4   BANK5
      Params:         0       0       0       0       0       0       0
      Locals:         0       0       0       0       0       0       0
      Temps:          0       0       0       0       0       0       0
      Totals:         0       0       0       0       0       0       0
Total ram usage:        0 bytes
 Hardware stack levels used:    1
 Hardware stack levels required when called:   13
 This function calls:
		_config_ad_conversor
		_config_flywheel
		_config_timer0
 This function is called by:
		_main
 This function uses a non-reentrant model


 *************** function _config_timer0 *****************
 Defined at:
		line 7 in file "config_hw.c"
 Parameters:    Size  Location     Type
		None
 Auto vars:     Size  Location     Type
		None
 Return value:  Size  Location     Type
                  1    wreg      void 
 Registers used:
		wreg, status,2
 Tracked objects:
		On entry : 
		On exit  : 
		Unchanged: 
 Data sizes:     COMRAM   BANK0   BANK1   BANK2   BANK3   BANK4   BANK5
      Params:         0       0       0       0       0       0       0
      Locals:         0       0       0       0       0       0       0
      Temps:          0       0       0       0       0       0       0
      Totals:         0       0       0       0       0       0       0
Total ram usage:        0 bytes
 Hardware stack levels used:    1
 Hardware stack levels required when called:   12
 This function calls:
		Nothing
 This function is called by:
		_OS_start
 This function uses a non-reentrant model


 *************** function _config_flywheel *****************
 Defined at:
		line 38 in file "config_hw.c"
 Parameters:    Size  Location     Type
		None
 Auto vars:     Size  Location     Type
		None
 Return value:  Size  Location     Type
                  1    wreg      void 
 Registers used:
		wreg, status,2
 Tracked objects:
		On entry : 
		On exit  : 
		Unchanged: 
 Data sizes:     COMRAM   BANK0   BANK1   BANK2   BANK3   BANK4   BANK5
      Params:         0       0       0       0       0       0       0
      Locals:         0       0       0       0       0       0       0
      Temps:          0       0       0       0       0       0       0
      Totals:         0       0       0       0       0       0       0
Total ram usage:        0 bytes
 Hardware stack levels used:    1
 Hardware stack levels required when called:   12
 This function calls:
		Nothing
 This function is called by:
		_OS_start
 This function uses a non-reentrant model


 *************** function _config_ad_conversor *****************
 Defined at:
		line 19 in file "config_hw.c"
 Parameters:    Size  Location     Type
		None
 Auto vars:     Size  Location     Type
		None
 Return value:  Size  Location     Type
                  1    wreg      void 
 Registers used:
		wreg, status,2
 Tracked objects:
		On entry : 
		On exit  : 
		Unchanged: 
 Data sizes:     COMRAM   BANK0   BANK1   BANK2   BANK3   BANK4   BANK5
      Params:         0       0       0       0       0       0       0
      Locals:         0       0       0       0       0       0       0
      Temps:          0       0       0       0       0       0       0
      Totals:         0       0       0       0       0       0       0
Total ram usage:        0 bytes
 Hardware stack levels used:    1
 Hardware stack levels required when called:   12
 This function calls:
		Nothing
 This function is called by:
		_OS_start
 This function uses a non-reentrant model


 *************** function _OS_config *****************
 Defined at:
		line 19 in file "kernel.c"
 Parameters:    Size  Location     Type
		None
 Auto vars:     Size  Location     Type
		None
 Return value:  Size  Location     Type
                  1    wreg      void 
 Registers used:
		wreg, fsr0l, fsr0h, fsr1l, fsr1h, fsr2l, fsr2h, status,2, status,0, btemp, btemp+1, btemp+11, prodl, prodh, cstack
 Tracked objects:
		On entry : 
		On exit  : 
		Unchanged: 
 Data sizes:     COMRAM   BANK0   BANK1   BANK2   BANK3   BANK4   BANK5
      Params:         0       0       0       0       0       0       0
      Locals:         0       0       0       0       0       0       0
      Temps:          0       0       0       0       0       0       0
      Totals:         0       0       0       0       0       0       0
Total ram usage:        0 bytes
 Hardware stack levels used:    1
 Hardware stack levels required when called:   15
 This function calls:
		_OS_create_task
		_config_user_tasks
 This function is called by:
		_main
 This function uses a non-reentrant model


 *************** function _config_user_tasks *****************
 Defined at:
		line 5 in file "user_tasks.c"
 Parameters:    Size  Location     Type
		None
 Auto vars:     Size  Location     Type
		None
 Return value:  Size  Location     Type
                  1    wreg      void 
 Registers used:
		wreg, fsr0l, fsr0h, fsr2l, fsr2h, status,2, status,0, cstack
 Tracked objects:
		On entry : 
		On exit  : 
		Unchanged: 
 Data sizes:     COMRAM   BANK0   BANK1   BANK2   BANK3   BANK4   BANK5
      Params:         0       0       0       0       0       0       0
      Locals:         0       0       0       0       0       0       0
      Temps:          0       0       0       0       0       0       0
      Totals:         0       0       0       0       0       0       0
Total ram usage:        0 bytes
 Hardware stack levels used:    1
 Hardware stack levels required when called:   14
 This function calls:
		_pipe_init
		_sem_init
 This function is called by:
		_OS_config
 This function uses a non-reentrant model


 *************** function _pipe_init *****************
 Defined at:
		line 4 in file "pipe.c"
 Parameters:    Size  Location     Type
  pipe            2    4[BANK0 ] PTR struct pipe
		 -> pipe_temperature(26), 
  tamanho         2    6[BANK0 ] int 
 Auto vars:     Size  Location     Type
		None
 Return value:  Size  Location     Type
                  1    wreg      void 
 Registers used:
		wreg, fsr0l, fsr0h, fsr2l, fsr2h, status,2, status,0, cstack
 Tracked objects:
		On entry : 
		On exit  : 
		Unchanged: 
 Data sizes:     COMRAM   BANK0   BANK1   BANK2   BANK3   BANK4   BANK5
      Params:         0       4       0       0       0       0       0
      Locals:         0       0       0       0       0       0       0
      Temps:          0       0       0       0       0       0       0
      Totals:         0       4       0       0       0       0       0
Total ram usage:        4 bytes
 Hardware stack levels used:    1
 Hardware stack levels required when called:   13
 This function calls:
		_sem_init
 This function is called by:
		_config_user_tasks
 This function uses a non-reentrant model


 *************** function _sem_init *****************
 Defined at:
		line 2 in file "semaphore.c"
 Parameters:    Size  Location     Type
  s               2    0[BANK0 ] PTR struct semaphore
		 -> sem_temp_r(18), sem_temp_w(18), pipe_temperature(26), 
  val             2    2[BANK0 ] int 
 Auto vars:     Size  Location     Type
		None
 Return value:  Size  Location     Type
                  1    wreg      void 
 Registers used:
		wreg, fsr0l, fsr0h, fsr2l, fsr2h, status,2, status,0
 Tracked objects:
		On entry : 
		On exit  : 
		Unchanged: 
 Data sizes:     COMRAM   BANK0   BANK1   BANK2   BANK3   BANK4   BANK5
      Params:         0       4       0       0       0       0       0
      Locals:         0       0       0       0       0       0       0
      Temps:          0       0       0       0       0       0       0
      Totals:         0       4       0       0       0       0       0
Total ram usage:        4 bytes
 Hardware stack levels used:    1
 Hardware stack levels required when called:   12
 This function calls:
		Nothing
 This function is called by:
		_config_user_tasks
		_pipe_init
 This function uses a non-reentrant model


 *************** function _OS_create_task *****************
 Defined at:
		line 60 in file "kernel.c"
 Parameters:    Size  Location     Type
  prior           2    0[BANK0 ] unsigned int 
  func            2    2[BANK0 ] PTR FTN()void 
		 -> idle(1), ac_controller_2(1), thermostat_sensing_2(1), ac_controller_1(1), 
		 -> thermostat_sensing_1(1), 
 Auto vars:     Size  Location     Type
  new_task      113    6[BANK0 ] struct tcb
 Return value:  Size  Location     Type
                  1    wreg      void 
 Registers used:
		wreg, fsr0l, fsr0h, fsr1l, fsr1h, fsr2l, fsr2h, status,2, status,0, btemp, btemp+1, btemp+11, prodl, prodh
 Tracked objects:
		On entry : 
		On exit  : 
		Unchanged: 
 Data sizes:     COMRAM   BANK0   BANK1   BANK2   BANK3   BANK4   BANK5
      Params:         0       4       0       0       0       0       0
      Locals:         0     113       0       0       0       0       0
      Temps:          0       2       0       0       0       0       0
      Totals:         0     119       0       0       0       0       0
Total ram usage:      119 bytes
 Hardware stack levels used:    1
 Hardware stack levels required when called:   13
 This function calls:
		___wmul
 This function is called by:
		_main
		_OS_config
 This function uses a non-reentrant model


 *************** function ___wmul *****************
 Defined at:
		line 15 in file "C:\Program Files\Microchip\xc8\v2.20\pic\sources\c99\common\Umul16.c"
 Parameters:    Size  Location     Type
  multiplier      2  [STACK] unsigned int 
  multiplicand    2  [STACK] unsigned int 
 Auto vars:     Size  Location     Type
  product         2  [STACK] unsigned int 
 Return value:  Size  Location     Type
                  2  [STACK] unsigned int 
 Registers used:
		wreg, fsr1l, fsr1h, fsr2l, fsr2h, status,2, status,0, btemp, btemp+1, btemp+11, prodl, prodh
 Tracked objects:
		On entry : 
		On exit  : 
		Unchanged: 
 Data sizes:     COMRAM   BANK0   BANK1   BANK2   BANK3   BANK4   BANK5
      Params:         0       0       0       0       0       0       0
      Locals:         0       0       0       0       0       0       0
      Temps:          0       0       0       0       0       0       0
      Totals:         0       0       0       0       0       0       0
Total ram usage:        0 bytes
 Hardware stack levels used:    1
 Hardware stack levels required when called:   12
 This function calls:
		Nothing
 This function is called by:
		_OS_create_task
		_delay_release
		_ISR_timer
		_sort_ready_queue
		_OS_delay
		_get_task_id
 This function uses a reentrant model


 *************** function _idle *****************
 Defined at:
		line 11 in file "kernel.c"
 Parameters:    Size  Location     Type
		None
 Auto vars:     Size  Location     Type
		None
 Return value:  Size  Location     Type
                  1  [STACK] void 
 Registers used:
		wreg, status,2, status,0, btemp+11
 Tracked objects:
		On entry : 
		On exit  : 
		Unchanged: 
 Data sizes:     COMRAM   BANK0   BANK1   BANK2   BANK3   BANK4   BANK5
      Params:         0       0       0       0       0       0       0
      Locals:         0       0       0       0       0       0       0
      Temps:          0       0       0       0       0       0       0
      Totals:         0       0       0       0       0       0       0
Total ram usage:        0 bytes
 Hardware stack levels used:    1
 Hardware stack levels required when called:    5
 This function calls:
		Nothing
 This function is called by:
		_ROUND_ROBIN_sched
		_OS_config
 This function uses a reentrant model


 *************** function _thermostat_sensing_1 *****************
 Defined at:
		line 23 in file "user_tasks.c"
 Parameters:    Size  Location     Type
		None
 Auto vars:     Size  Location     Type
  readed_tempe    2  [STACK] int 
 Return value:  Size  Location     Type
                  1  [STACK] void 
 Registers used:
		wreg, fsr0l, fsr0h, fsr1l, fsr1h, fsr2l, fsr2h, status,2, status,0, btemp, btemp+1, btemp+6, btemp+7, btemp+8, btemp+9, btemp+10, btemp+11, prodl, prodh
 Tracked objects:
		On entry : 
		On exit  : 
		Unchanged: 
 Data sizes:     COMRAM   BANK0   BANK1   BANK2   BANK3   BANK4   BANK5
      Params:         0       0       0       0       0       0       0
      Locals:         0       0       0       0       0       0       0
      Temps:          0       0       0       0       0       0       0
      Totals:         0       0       0       0       0       0       0
Total ram usage:        0 bytes
 Hardware stack levels used:    1
 Hardware stack levels required when called:   11
 This function calls:
		_pipe_write
		_thermostat_value
 This function is called by:
		_main
 This function uses a reentrant model


 *************** function _thermostat_value *****************
 Defined at:
		line 3 in file "thermostat.c"
 Parameters:    Size  Location     Type
		None
 Auto vars:     Size  Location     Type
  temperatura_    2  [STACK] int 
  resultadoAD     2  [STACK] int 
 Return value:  Size  Location     Type
                  2  [STACK] int 
 Registers used:
		wreg, fsr1l, fsr1h, status,2, status,0, btemp, btemp+1, btemp+8, btemp+9, btemp+10, btemp+11, prodl, prodh
 Tracked objects:
		On entry : 
		On exit  : 
		Unchanged: 
 Data sizes:     COMRAM   BANK0   BANK1   BANK2   BANK3   BANK4   BANK5
      Params:         0       0       0       0       0       0       0
      Locals:         0       0       0       0       0       0       0
      Temps:          0       0       0       0       0       0       0
      Totals:         0       0       0       0       0       0       0
Total ram usage:        0 bytes
 Hardware stack levels used:    1
 Hardware stack levels required when called:    6
 This function calls:
		___awdiv
 This function is called by:
		_thermostat_sensing_1
		_thermostat_sensing_2
 This function uses a reentrant model


 *************** function ___awdiv *****************
 Defined at:
		line 7 in file "C:\Program Files\Microchip\xc8\v2.20\pic\sources\c99\common\awdiv.c"
 Parameters:    Size  Location     Type
  dividend        2  [STACK] int 
  divisor         2  [STACK] int 
 Auto vars:     Size  Location     Type
  quotient        2  [STACK] int 
  sign            1  [STACK] unsigned char 
  counter         1  [STACK] unsigned char 
 Return value:  Size  Location     Type
                  2  [STACK] int 
 Registers used:
		wreg, fsr1l, fsr1h, status,2, status,0, btemp, btemp+1, btemp+8, btemp+9, btemp+10, btemp+11, prodl
 Tracked objects:
		On entry : 
		On exit  : 
		Unchanged: 
 Data sizes:     COMRAM   BANK0   BANK1   BANK2   BANK3   BANK4   BANK5
      Params:         0       0       0       0       0       0       0
      Locals:         0       0       0       0       0       0       0
      Temps:          0       0       0       0       0       0       0
      Totals:         0       0       0       0       0       0       0
Total ram usage:        0 bytes
 Hardware stack levels used:    1
 Hardware stack levels required when called:    5
 This function calls:
		Nothing
 This function is called by:
		_thermostat_value
 This function uses a reentrant model


 *************** function _pipe_write *****************
 Defined at:
		line 32 in file "pipe.c"
 Parameters:    Size  Location     Type
  pipe            2  [STACK] PTR struct pipe
		 -> pipe_temperature(26), 
  dado            2  [STACK] int 
 Auto vars:     Size  Location     Type
  write_flag      1  [STACK] unsigned char 
 Return value:  Size  Location     Type
                  1  [STACK] void 
 Registers used:
		wreg, fsr0l, fsr0h, fsr1l, fsr1h, fsr2l, fsr2h, status,2, status,0, btemp, btemp+1, btemp+6, btemp+7, btemp+8, btemp+9, btemp+10, btemp+11, prodl, prodh
 Tracked objects:
		On entry : 
		On exit  : 
		Unchanged: 
 Data sizes:     COMRAM   BANK0   BANK1   BANK2   BANK3   BANK4   BANK5
      Params:         0       0       0       0       0       0       0
      Locals:         0       0       0       0       0       0       0
      Temps:          0       0       0       0       0       0       0
      Totals:         0       0       0       0       0       0       0
Total ram usage:        0 bytes
 Hardware stack levels used:    1
 Hardware stack levels required when called:   10
 This function calls:
		_sem_get_value
		_sem_post
		_sem_wait
 This function is called by:
		_thermostat_sensing_1
 This function uses a reentrant model


 *************** function _sem_wait *****************
 Defined at:
		line 10 in file "semaphore.c"
 Parameters:    Size  Location     Type
  s               2  [STACK] PTR struct semaphore
		 -> pipe_temperature(26), 
 Auto vars:     Size  Location     Type
		None
 Return value:  Size  Location     Type
                  1  [STACK] void 
 Registers used:
		wreg, fsr0l, fsr0h, fsr1l, fsr1h, fsr2l, fsr2h, status,2, status,0, btemp, btemp+1, btemp+6, btemp+7, btemp+8, btemp+9, btemp+10, btemp+11, prodl, prodh
 Tracked objects:
		On entry : 
		On exit  : 
		Unchanged: 
 Data sizes:     COMRAM   BANK0   BANK1   BANK2   BANK3   BANK4   BANK5
      Params:         0       0       0       0       0       0       0
      Locals:         0       0       0       0       0       0       0
      Temps:          0       0       0       0       0       0       0
      Totals:         0       0       0       0       0       0       0
Total ram usage:        0 bytes
 Hardware stack levels used:    1
 Hardware stack levels required when called:    9
 This function calls:
		_RESTORE_CONTEXT
		___lwmod
 This function is called by:
		_pipe_read
		_pipe_write
 This function uses a reentrant model


 *************** function _RESTORE_CONTEXT *****************
 Defined at:
		line 125 in file "kernel.c"
 Parameters:    Size  Location     Type
		None
 Auto vars:     Size  Location     Type
  stack_size      2  [STACK] unsigned int 
  running_task    2  [STACK] unsigned int 
 Return value:  Size  Location     Type
                  1  [STACK] void 
 Registers used:
		wreg, fsr1l, fsr1h, fsr2l, fsr2h, status,2, status,0, btemp, btemp+1, btemp+6, btemp+7, btemp+8, btemp+9, btemp+10, btemp+11, prodl, prodh
 Tracked objects:
		On entry : 
		On exit  : 
		Unchanged: 
 Data sizes:     COMRAM   BANK0   BANK1   BANK2   BANK3   BANK4   BANK5
      Params:         0       0       0       0       0       0       0
      Locals:         0       0       0       0       0       0       0
      Temps:          0       0       0       0       0       0       0
      Totals:         0       0       0       0       0       0       0
Total ram usage:        0 bytes
 Hardware stack levels used:    1
 Hardware stack levels required when called:    8
 This function calls:
		_scheduler
 This function is called by:
		_ISR_timer
		_sem_wait
		_OS_delay
 This function uses a reentrant model


 *************** function _scheduler *****************
 Defined at:
		line 11 in file "scheduler.c"
 Parameters:    Size  Location     Type
		None
 Auto vars:     Size  Location     Type
		None
 Return value:  Size  Location     Type
                  2  [STACK] unsigned int 
 Registers used:
		wreg, fsr1l, fsr1h, fsr2l, fsr2h, status,2, status,0, btemp, btemp+1, btemp+8, btemp+9, btemp+10, btemp+11, prodl, prodh
 Tracked objects:
		On entry : 
		On exit  : 
		Unchanged: 
 Data sizes:     COMRAM   BANK0   BANK1   BANK2   BANK3   BANK4   BANK5
      Params:         0       0       0       0       0       0       0
      Locals:         0       0       0       0       0       0       0
      Temps:          0       0       0       0       0       0       0
      Totals:         0       0       0       0       0       0       0
Total ram usage:        0 bytes
 Hardware stack levels used:    1
 Hardware stack levels required when called:    7
 This function calls:
		_ROUND_ROBIN_sched
 This function is called by:
		_RESTORE_CONTEXT
 This function uses a reentrant model


 *************** function _ROUND_ROBIN_sched *****************
 Defined at:
		line 20 in file "scheduler.c"
 Parameters:    Size  Location     Type
		None
 Auto vars:     Size  Location     Type
  task_selecte    2  [STACK] unsigned int 
  try             2  [STACK] unsigned int 
 Return value:  Size  Location     Type
                  2  [STACK] unsigned int 
 Registers used:
		wreg, fsr1l, fsr1h, fsr2l, fsr2h, status,2, status,0, btemp, btemp+1, btemp+8, btemp+9, btemp+10, btemp+11, prodl, prodh
 Tracked objects:
		On entry : 
		On exit  : 
		Unchanged: 
 Data sizes:     COMRAM   BANK0   BANK1   BANK2   BANK3   BANK4   BANK5
      Params:         0       0       0       0       0       0       0
      Locals:         0       0       0       0       0       0       0
      Temps:          0       0       0       0       0       0       0
      Totals:         0       0       0       0       0       0       0
Total ram usage:        0 bytes
 Hardware stack levels used:    1
 Hardware stack levels required when called:    6
 This function calls:
		___lwmod
 This function is called by:
		_scheduler
 This function uses a reentrant model


 *************** function _sem_post *****************
 Defined at:
		line 26 in file "semaphore.c"
 Parameters:    Size  Location     Type
  s               2  [STACK] PTR struct semaphore
		 -> pipe_temperature(26), 
 Auto vars:     Size  Location     Type
		None
 Return value:  Size  Location     Type
                  1  [STACK] void 
 Registers used:
		wreg, fsr1l, fsr1h, fsr2l, fsr2h, status,2, status,0, btemp, btemp+1, btemp+8, btemp+9, btemp+10, btemp+11, prodl, prodh
 Tracked objects:
		On entry : 
		On exit  : 
		Unchanged: 
 Data sizes:     COMRAM   BANK0   BANK1   BANK2   BANK3   BANK4   BANK5
      Params:         0       0       0       0       0       0       0
      Locals:         0       0       0       0       0       0       0
      Temps:          0       0       0       0       0       0       0
      Totals:         0       0       0       0       0       0       0
Total ram usage:        0 bytes
 Hardware stack levels used:    1
 Hardware stack levels required when called:    6
 This function calls:
		___lwmod
 This function is called by:
		_pipe_read
		_pipe_write
 This function uses a reentrant model


 *************** function ___lwmod *****************
 Defined at:
		line 7 in file "C:\Program Files\Microchip\xc8\v2.20\pic\sources\c99\common\lwmod.c"
 Parameters:    Size  Location     Type
  dividend        2  [STACK] unsigned int 
  divisor         2  [STACK] unsigned int 
 Auto vars:     Size  Location     Type
  counter         1  [STACK] unsigned char 
 Return value:  Size  Location     Type
                  2  [STACK] unsigned int 
 Registers used:
		wreg, fsr1l, fsr1h, status,2, status,0, btemp, btemp+1, btemp+8, btemp+9, btemp+10, btemp+11, prodl
 Tracked objects:
		On entry : 
		On exit  : 
		Unchanged: 
 Data sizes:     COMRAM   BANK0   BANK1   BANK2   BANK3   BANK4   BANK5
      Params:         0       0       0       0       0       0       0
      Locals:         0       0       0       0       0       0       0
      Temps:          0       0       0       0       0       0       0
      Totals:         0       0       0       0       0       0       0
Total ram usage:        0 bytes
 Hardware stack levels used:    1
 Hardware stack levels required when called:    5
 This function calls:
		Nothing
 This function is called by:
		_ROUND_ROBIN_sched
		_sem_wait
		_sem_post
 This function uses a reentrant model


 *************** function _sem_get_value *****************
 Defined at:
		line 38 in file "semaphore.c"
 Parameters:    Size  Location     Type
  s              18  [STACK] struct semaphore
 Auto vars:     Size  Location     Type
		None
 Return value:  Size  Location     Type
                  2  [STACK] int 
 Registers used:
		wreg, fsr1l, fsr1h, btemp, btemp+1
 Tracked objects:
		On entry : 
		On exit  : 
		Unchanged: 
 Data sizes:     COMRAM   BANK0   BANK1   BANK2   BANK3   BANK4   BANK5
      Params:         0       0       0       0       0       0       0
      Locals:         0       0       0       0       0       0       0
      Temps:          0       0       0       0       0       0       0
      Totals:         0       0       0       0       0       0       0
Total ram usage:        0 bytes
 Hardware stack levels used:    1
 Hardware stack levels required when called:    5
 This function calls:
		Nothing
 This function is called by:
		_pipe_read
		_pipe_write
 This function uses a reentrant model


 *************** function _ac_controller_1 *****************
 Defined at:
		line 31 in file "user_tasks.c"
 Parameters:    Size  Location     Type
		None
 Auto vars:     Size  Location     Type
  room_tempera    2  [STACK] int 
 Return value:  Size  Location     Type
                  1  [STACK] void 
 Registers used:
		wreg, fsr0l, fsr0h, fsr1l, fsr1h, fsr2l, fsr2h, status,2, status,0, btemp, btemp+1, btemp+6, btemp+7, btemp+8, btemp+9, btemp+10, btemp+11, prodl, prodh
 Tracked objects:
		On entry : 
		On exit  : 
		Unchanged: 
 Data sizes:     COMRAM   BANK0   BANK1   BANK2   BANK3   BANK4   BANK5
      Params:         0       0       0       0       0       0       0
      Locals:         0       0       0       0       0       0       0
      Temps:          0       0       0       0       0       0       0
      Totals:         0       0       0       0       0       0       0
Total ram usage:        0 bytes
 Hardware stack levels used:    1
 Hardware stack levels required when called:   11
 This function calls:
		_pipe_read
		_turn_off_ac
		_turn_on_ac
 This function is called by:
		_main
 This function uses a reentrant model


 *************** function _turn_on_ac *****************
 Defined at:
		line 9 in file "motores.c"
 Parameters:    Size  Location     Type
		None
 Auto vars:     Size  Location     Type
		None
 Return value:  Size  Location     Type
                  1  [STACK] void 
 Registers used:
		None
 Tracked objects:
		On entry : 
		On exit  : 
		Unchanged: 
 Data sizes:     COMRAM   BANK0   BANK1   BANK2   BANK3   BANK4   BANK5
      Params:         0       0       0       0       0       0       0
      Locals:         0       0       0       0       0       0       0
      Temps:          0       0       0       0       0       0       0
      Totals:         0       0       0       0       0       0       0
Total ram usage:        0 bytes
 Hardware stack levels used:    1
 Hardware stack levels required when called:    5
 This function calls:
		Nothing
 This function is called by:
		_ac_controller_1
		_ac_controller_2
 This function uses a reentrant model


 *************** function _turn_off_ac *****************
 Defined at:
		line 5 in file "motores.c"
 Parameters:    Size  Location     Type
		None
 Auto vars:     Size  Location     Type
		None
 Return value:  Size  Location     Type
                  1  [STACK] void 
 Registers used:
		None
 Tracked objects:
		On entry : 
		On exit  : 
		Unchanged: 
 Data sizes:     COMRAM   BANK0   BANK1   BANK2   BANK3   BANK4   BANK5
      Params:         0       0       0       0       0       0       0
      Locals:         0       0       0       0       0       0       0
      Temps:          0       0       0       0       0       0       0
      Totals:         0       0       0       0       0       0       0
Total ram usage:        0 bytes
 Hardware stack levels used:    1
 Hardware stack levels required when called:    5
 This function calls:
		Nothing
 This function is called by:
		_ac_controller_1
		_ac_controller_2
 This function uses a reentrant model


 *************** function _pipe_read *****************
 Defined at:
		line 10 in file "pipe.c"
 Parameters:    Size  Location     Type
  pipe            2  [STACK] PTR struct pipe
		 -> pipe_temperature(26), 
  dado            2  [STACK] PTR int 
		 -> ac_controller_1@room_temperature(2), 
 Auto vars:     Size  Location     Type
  read_flag       1  [STACK] unsigned char 
 Return value:  Size  Location     Type
                  1  [STACK] void 
 Registers used:
		wreg, fsr0l, fsr0h, fsr1l, fsr1h, fsr2l, fsr2h, status,2, status,0, btemp, btemp+1, btemp+6, btemp+7, btemp+8, btemp+9, btemp+10, btemp+11, prodl, prodh
 Tracked objects:
		On entry : 
		On exit  : 
		Unchanged: 
 Data sizes:     COMRAM   BANK0   BANK1   BANK2   BANK3   BANK4   BANK5
      Params:         0       0       0       0       0       0       0
      Locals:         0       0       0       0       0       0       0
      Temps:          0       0       0       0       0       0       0
      Totals:         0       0       0       0       0       0       0
Total ram usage:        0 bytes
 Hardware stack levels used:    1
 Hardware stack levels required when called:   10
 This function calls:
		_sem_get_value
		_sem_post
		_sem_wait
 This function is called by:
		_ac_controller_1
 This function uses a reentrant model


 *************** function _thermostat_sensing_2 *****************
 Defined at:
		line 10 in file "user_tasks_2.c"
 Parameters:    Size  Location     Type
		None
 Auto vars:     Size  Location     Type
		None
 Return value:  Size  Location     Type
                  1  [STACK] void 
 Registers used:
		wreg, fsr1l, fsr1h, status,2, status,0, btemp, btemp+1, btemp+8, btemp+9, btemp+10, btemp+11, prodl, prodh
 Tracked objects:
		On entry : 
		On exit  : 
		Unchanged: 
 Data sizes:     COMRAM   BANK0   BANK1   BANK2   BANK3   BANK4   BANK5
      Params:         0       0       0       0       0       0       0
      Locals:         0       0       0       0       0       0       0
      Temps:          0       0       0       0       0       0       0
      Totals:         0       0       0       0       0       0       0
Total ram usage:        0 bytes
 Hardware stack levels used:    1
 Hardware stack levels required when called:    7
 This function calls:
		_thermostat_value
 This function is called by:
		_main
 This function uses a reentrant model


 *************** function _ac_controller_2 *****************
 Defined at:
		line 23 in file "user_tasks_2.c"
 Parameters:    Size  Location     Type
		None
 Auto vars:     Size  Location     Type
		None
 Return value:  Size  Location     Type
                  1  [STACK] void 
 Registers used:
		wreg, status,2, status,0
 Tracked objects:
		On entry : 
		On exit  : 
		Unchanged: 
 Data sizes:     COMRAM   BANK0   BANK1   BANK2   BANK3   BANK4   BANK5
      Params:         0       0       0       0       0       0       0
      Locals:         0       0       0       0       0       0       0
      Temps:          0       0       0       0       0       0       0
      Totals:         0       0       0       0       0       0       0
Total ram usage:        0 bytes
 Hardware stack levels used:    1
 Hardware stack levels required when called:    6
 This function calls:
		_turn_off_ac
		_turn_on_ac
 This function is called by:
		_main
 This function uses a reentrant model


 *************** function _ISR_timer *****************
 Defined at:
		line 95 in file "kernel.c"
 Parameters:    Size  Location     Type
		None
 Auto vars:     Size  Location     Type
		None
 Return value:  Size  Location     Type
                  1    wreg      void 
 Registers used:
		wreg, fsr1l, fsr1h, fsr2l, fsr2h, status,2, status,0, btemp, btemp+1, btemp+6, btemp+7, btemp+8, btemp+9, btemp+10, btemp+11, prodl, prodh, cstack
 Tracked objects:
		On entry : 
		On exit  : 
		Unchanged: 
 Data sizes:     COMRAM   BANK0   BANK1   BANK2   BANK3   BANK4   BANK5
      Params:         0       0       0       0       0       0       0
      Locals:         0       0       0       0       0       0       0
      Temps:         18       0       0       0       0       0       0
      Totals:        18       0       0       0       0       0       0
Total ram usage:       18 bytes
 Hardware stack levels used:    1
 Hardware stack levels required when called:    4
 This function calls:
		_RESTORE_CONTEXT
		___wmul
		_delay_release
 This function is called by:
		Interrupt level 2
 This function uses a non-reentrant model


 *************** function _delay_release *****************
 Defined at:
		line 81 in file "kernel.c"
 Parameters:    Size  Location     Type
		None
 Auto vars:     Size  Location     Type
  i               2    6[COMRAM] unsigned int 
  task_release    2    4[COMRAM] unsigned int 
 Return value:  Size  Location     Type
                  2    0[COMRAM] unsigned int 
 Registers used:
		wreg, fsr1l, fsr1h, fsr2l, fsr2h, status,2, status,0, btemp, btemp+1, btemp+11, prodl, prodh
 Tracked objects:
		On entry : 
		On exit  : 
		Unchanged: 
 Data sizes:     COMRAM   BANK0   BANK1   BANK2   BANK3   BANK4   BANK5
      Params:         2       0       0       0       0       0       0
      Locals:         4       0       0       0       0       0       0
      Temps:          2       0       0       0       0       0       0
      Totals:         8       0       0       0       0       0       0
Total ram usage:        8 bytes
 Hardware stack levels used:    1
 Hardware stack levels required when called:    1
 This function calls:
		___wmul
 This function is called by:
		_ISR_timer
 This function uses a non-reentrant model



MODULE INFORMATION

Module		Function		Class		Link	Load	Size
semaphore.c
		_sem_wait      		CODE           	0014	0000	767
		_sem_init      		CODE           	1358	0000	85
		_sem_get_value 		CODE           	1572	0000	23
		_sem_post      		CODE           	0D8A	0000	301

semaphore.c estimated size: 1176

user_tasks_2.c
		_thermostat_sensing_2		CODE           	1534	0000	39
		_ac_controller_2		CODE           	1300	0000	89

user_tasks_2.c estimated size: 128

C:\Program Files\Microchip\xc8\v2.20\pic\sources\c99\common\Umul16.c
		___wmul        		CODE           	1090	0000	151

C:\Program Files\Microchip\xc8\v2.20\pic\sources\c99\common\Umul16.c estimated size: 151

C:\Program Files\Microchip\xc8\v2.20\pic\sources\c99\common\lwmod.c
		___lwmod       		CODE           	0FA8	0000	233

C:\Program Files\Microchip\xc8\v2.20\pic\sources\c99\common\lwmod.c estimated size: 233

kernel.c
		_delay_release 		CODE           	0EB6	0000	243
		_ISR_timer     		CODE           	0008	0000	691
		_OS_config     		CODE           	1476	0000	53
		_OS_start      		CODE           	1588	0000	19
		_OS_create_task		CODE           	123C	0000	109
		_idle          		CODE           	14DE	0000	49
		_RESTORE_CONTEXT		CODE           	05C0	0000	595

kernel.c estimated size: 1759

shared
		__initialization		CODE           	13AC	0000	69

shared estimated size: 69

config_hw.c
		_config_flywheel		CODE           	159A	0000	7
		_config_ad_conversor		CODE           	150E	0000	39
		_config_timer0 		CODE           	155A	0000	25

config_hw.c estimated size: 71

motores.c
		_turn_on_ac    		CODE           	15A6	0000	5
		_turn_off_ac   		CODE           	15AA	0000	5

motores.c estimated size: 10

pipe.c
		_pipe_read     		CODE           	0AF2	0000	355
		_pipe_init     		CODE           	12A8	0000	89
		_pipe_write    		CODE           	098E	0000	357

pipe.c estimated size: 801

thermostat.c
		_thermostat_value		CODE           	1126	0000	145

thermostat.c estimated size: 145

scheduler.c
		_scheduler     		CODE           	15A0	0000	7
		_ROUND_ROBIN_sched		CODE           	0C54	0000	311

scheduler.c estimated size: 318

C:\Program Files\Microchip\xc8\v2.20\pic\sources\c99\common\awdiv.c
		___awdiv       		CODE           	0812	0000	381

C:\Program Files\Microchip\xc8\v2.20\pic\sources\c99\common\awdiv.c estimated size: 381

user_tasks.c
		_config_user_tasks		CODE           	13F6	0000	69
		_thermostat_sensing_1		CODE           	14AA	0000	53
		_ac_controller_1		CODE           	11B6	0000	135

user_tasks.c estimated size: 257

main.c
		_main          		CODE           	143A	0000	61

main.c estimated size: 61

